../Core/Inc/myLib.h:13:5:__io_putchar	16	static
../Core/Inc/myLib.h:19:6:Outs	16	static
../Core/Inc/myLib.h:34:6:ProgramStart	8	static
../Core/Inc/myLib.h:43:6:Wait	16	static
../Core/Src/main.c:69:6:HAL_GPIO_EXTI_Callback	16	static
../Core/Src/main.c:93:5:main	112	static
../Core/Src/main.c:185:6:SystemClock_Config	88	static
../Core/Src/main.c:232:13:MX_USART2_UART_Init	8	static
../Core/Src/main.c:265:13:MX_GPIO_Init	48	static
../Core/Src/main.c:329:6:StartTask01	16	static
../Core/Src/main.c:355:6:StartTask02	16	static
../Core/Src/main.c:385:6:StartTask03	16	static
../Core/Src/main.c:415:6:HAL_TIM_PeriodElapsedCallback	16	static
../Core/Src/main.c:432:6:Error_Handler	4	static,ignoring_inline_asm
