../Core/Inc/myLib.h:13:5:__io_putchar	1
../Core/Inc/myLib.h:19:6:Outs	3
../Core/Inc/myLib.h:34:6:ProgramStart	2
../Core/Inc/myLib.h:43:6:Wait	1
../Core/Src/main.c:69:6:HAL_GPIO_EXTI_Callback	4
../Core/Src/main.c:93:5:main	1
../Core/Src/main.c:185:6:SystemClock_Config	3
../Core/Src/main.c:232:13:MX_USART2_UART_Init	2
../Core/Src/main.c:265:13:MX_GPIO_Init	1
../Core/Src/main.c:329:6:StartTask01	2
../Core/Src/main.c:355:6:StartTask02	3
../Core/Src/main.c:385:6:StartTask03	3
../Core/Src/main.c:415:6:HAL_TIM_PeriodElapsedCallback	2
../Core/Src/main.c:432:6:Error_Handler	1
