../Core/Inc/myLib.h:13:5:__io_putchar	1
../Core/Inc/myLib.h:19:6:Outs	3
../Core/Inc/myLib.h:34:6:ProgramStart	2
../Core/Inc/myLib.h:43:6:Wait	1
../Core/Src/main.c:66:6:GetBuffer	3
../Core/Src/main.c:86:6:HAL_UART_RxCpltCallback	2
../Core/Src/main.c:95:6:HAL_GPIO_EXTI_Callback	2
../Core/Src/main.c:131:5:main	2
../Core/Src/main.c:185:6:SystemClock_Config	3
../Core/Src/main.c:232:13:MX_USART2_UART_Init	2
../Core/Src/main.c:263:13:MX_DMA_Init	1
../Core/Src/main.c:281:13:MX_GPIO_Init	1
../Core/Src/main.c:334:6:Error_Handler	1
