../Core/Inc/myLib.h:13:5:__io_putchar	16	static
../Core/Inc/myLib.h:19:6:Outs	16	static
../Core/Inc/myLib.h:34:6:ProgramStart	8	static
../Core/Inc/myLib.h:43:6:Wait	16	static
../Core/Src/main.c:66:6:GetBuffer	24	static
../Core/Src/main.c:86:6:HAL_UART_RxCpltCallback	16	static
../Core/Src/main.c:95:6:HAL_GPIO_EXTI_Callback	120	static
../Core/Src/main.c:131:5:main	112	static
../Core/Src/main.c:185:6:SystemClock_Config	88	static
../Core/Src/main.c:232:13:MX_USART2_UART_Init	8	static
../Core/Src/main.c:263:13:MX_DMA_Init	16	static
../Core/Src/main.c:281:13:MX_GPIO_Init	48	static
../Core/Src/main.c:334:6:Error_Handler	4	static,ignoring_inline_asm
