../Core/Inc/myLib.h:14:5:__io_putchar	1
../Core/Inc/myLib.h:20:6:Outs	3
../Core/Inc/myLib.h:35:6:ProgramStart	2
../Core/Inc/myLib.h:44:6:Wait	1
../Core/Src/main.c:72:6:HAL_GPIO_EXTI_Callback	3
../Core/Src/main.c:82:6:usDelay	2
../Core/Src/main.c:88:8:usDist	3
../Core/Src/main.c:116:5:main	1
../Core/Src/main.c:207:6:SystemClock_Config	3
../Core/Src/main.c:254:13:MX_TIM2_Init	4
../Core/Src/main.c:299:13:MX_USART2_UART_Init	2
../Core/Src/main.c:332:13:MX_GPIO_Init	1
../Core/Src/main.c:404:6:StartTask01	4
../Core/Src/main.c:438:6:StartTask02	4
../Core/Src/main.c:483:6:StartTask03	7
../Core/Src/main.c:530:6:HAL_TIM_PeriodElapsedCallback	2
../Core/Src/main.c:547:6:Error_Handler	1
