../Core/Inc/myLib.h:14:5:__io_putchar	16	static
../Core/Inc/myLib.h:20:6:Outs	16	static
../Core/Inc/myLib.h:35:6:ProgramStart	8	static
../Core/Inc/myLib.h:44:6:Wait	16	static
../Core/Src/main.c:72:6:HAL_GPIO_EXTI_Callback	16	static
../Core/Src/main.c:82:6:usDelay	24	static
../Core/Src/main.c:88:8:usDist	32	static
../Core/Src/main.c:116:5:main	112	static
../Core/Src/main.c:207:6:SystemClock_Config	88	static
../Core/Src/main.c:254:13:MX_TIM2_Init	32	static
../Core/Src/main.c:299:13:MX_USART2_UART_Init	8	static
../Core/Src/main.c:332:13:MX_GPIO_Init	48	static
../Core/Src/main.c:404:6:StartTask01	24	static
../Core/Src/main.c:438:6:StartTask02	128	static
../Core/Src/main.c:483:6:StartTask03	16	static
../Core/Src/main.c:530:6:HAL_TIM_PeriodElapsedCallback	16	static
../Core/Src/main.c:547:6:Error_Handler	4	static,ignoring_inline_asm
