../Core/Src/main.c:66:5:__io_putchar	16	static
../Core/Src/main.c:72:5:GetADCValue	8	static
../Core/Src/main.c:80:6:ScreenPos	24	static
../Core/Src/main.c:94:6:ProgramStart	8	static
../Core/Src/main.c:104:6:HAL_TIM_PeriodElapsedCallback	24	static
../Core/Src/main.c:117:5:main	8	static
../Core/Src/main.c:165:6:SystemClock_Config	88	static
../Core/Src/main.c:212:13:MX_ADC1_Init	24	static
../Core/Src/main.c:274:13:MX_TIM3_Init	32	static
../Core/Src/main.c:319:13:MX_USART2_UART_Init	8	static
../Core/Src/main.c:352:13:MX_GPIO_Init	48	static
../Core/Src/main.c:392:6:Error_Handler	4	static,ignoring_inline_asm
